1702598850148	geckodriver	INFO	Listening on 127.0.0.1:65308
1702598853202	mozrunner::runner	INFO	Running command: "C:\\Program Files\\Mozilla Firefox\\firefox.exe" "--marionette" "--remote-debugging-port" "65309" "--remote-allow-hosts" "localhost" "-no-remote" "-profile" "C:\\Users\\UNIVER~1\\AppData\\Local\\Temp\\rust_mozprofiledbBI8o"
1702598893850	geckodriver	INFO	Listening on 127.0.0.1:65379
1702598896885	mozrunner::runner	INFO	Running command: "C:\\Program Files\\Mozilla Firefox\\firefox.exe" "--marionette" "--remote-debugging-port" "65380" "--remote-allow-hosts" "localhost" "-no-remote" "-profile" "C:\\Users\\UNIVER~1\\AppData\\Local\\Temp\\rust_mozprofilezNrM4B"
console.warn: services.settings: Ignoring preference override of remote settings server
console.warn: services.settings: Allow by setting MOZ_REMOTE_SETTINGS_DEVTOOLS=1 in the environment
1702598897260	Marionette	INFO	Marionette enabled
Dynamically enable window occlusion 0
1702598897407	Marionette	INFO	Listening on port 65388
WebDriver BiDi listening on ws://127.0.0.1:65380
Read port: 65388
1702598897696	RemoteAgent	WARN	TLS certificate errors will be ignored for this session
DevTools listening on ws://127.0.0.1:65380/devtools/browser/38cab807-d1fe-4b70-9039-5d78cbee4cf1
JavaScript warning: https://portal.e-fornecedores.ind.br/ClientScripts/window2.js, line 108: unreachable code after return statement
JavaScript warning: https://portal.e-fornecedores.ind.br/ClientScripts/window2.js, line 108: unreachable code after return statement
JavaScript warning: https://portal.e-fornecedores.ind.br/ClientScripts/window2.js, line 108: unreachable code after return statement
JavaScript warning: https://portal.e-fornecedores.ind.br/ClientScripts/window2.js, line 108: unreachable code after return statement
JavaScript warning: https://portal.e-fornecedores.ind.br/ClientScripts/window2.js, line 108: unreachable code after return statement
JavaScript warning: https://portal.e-fornecedores.ind.br/ClientScripts/window2.js, line 108: unreachable code after return statement
JavaScript warning: https://portal.e-fornecedores.ind.br/ClientScripts/window2.js, line 108: unreachable code after return statement
JavaScript warning: https://portal.e-fornecedores.ind.br/ClientScripts/window2.js, line 108: unreachable code after return statement
JavaScript warning: https://portal.e-fornecedores.ind.br/ClientScripts/window2.js, line 108: unreachable code after return statement
JavaScript warning: https://portal.e-fornecedores.ind.br/ClientScripts/window2.js, line 108: unreachable code after return statement
JavaScript warning: https://portal.e-fornecedores.ind.br/ClientScripts/window2.js, line 108: unreachable code after return statement
JavaScript warning: https://portal.e-fornecedores.ind.br/ClientScripts/window2.js, line 108: unreachable code after return statement
JavaScript warning: https://portal.e-fornecedores.ind.br/ClientScripts/window2.js, line 108: unreachable code after return statement
JavaScript warning: https://portal.e-fornecedores.ind.br/ClientScripts/window2.js, line 108: unreachable code after return statement
JavaScript warning: https://portal.e-fornecedores.ind.br/ClientScripts/window2.js, line 108: unreachable code after return statement
JavaScript warning: https://portal.e-fornecedores.ind.br/ClientScripts/window2.js, line 108: unreachable code after return statement
JavaScript warning: https://portal.e-fornecedores.ind.br/ClientScripts/window2.js, line 108: unreachable code after return statement
JavaScript warning: https://portal.e-fornecedores.ind.br/ClientScripts/window2.js, line 108: unreachable code after return statement
JavaScript warning: https://portal.e-fornecedores.ind.br/ClientScripts/window2.js, line 108: unreachable code after return statement
JavaScript warning: https://portal.e-fornecedores.ind.br/ClientScripts/window2.js, line 108: unreachable code after return statement
JavaScript warning: https://portal.e-fornecedores.ind.br/ClientScripts/window2.js, line 108: unreachable code after return statement
JavaScript warning: https://portal.e-fornecedores.ind.br/ClientScripts/window2.js, line 108: unreachable code after return statement
JavaScript warning: https://portal.e-fornecedores.ind.br/ClientScripts/window2.js, line 108: unreachable code after return statement
JavaScript warning: https://portal.e-fornecedores.ind.br/ClientScripts/window2.js, line 108: unreachable code after return statement
JavaScript warning: https://portal.e-fornecedores.ind.br/ClientScripts/window2.js, line 108: unreachable code after return statement
JavaScript warning: https://portal.e-fornecedores.ind.br/ClientScripts/window2.js, line 108: unreachable code after return statement
JavaScript warning: https://portal.e-fornecedores.ind.br/ClientScripts/window2.js, line 108: unreachable code after return statement
JavaScript warning: https://portal.e-fornecedores.ind.br/ClientScripts/window2.js, line 108: unreachable code after return statement
JavaScript warning: https://portal.e-fornecedores.ind.br/ClientScripts/window2.js, line 108: unreachable code after return statement
JavaScript warning: https://portal.e-fornecedores.ind.br/ClientScripts/window2.js, line 108: unreachable code after return statement
JavaScript warning: https://portal.e-fornecedores.ind.br/ClientScripts/window2.js, line 108: unreachable code after return statement
JavaScript warning: https://portal.e-fornecedores.ind.br/ClientScripts/window2.js, line 108: unreachable code after return statement
JavaScript warning: https://portal.e-fornecedores.ind.br/ClientScripts/window2.js, line 108: unreachable code after return statement
JavaScript warning: https://portal.e-fornecedores.ind.br/ClientScripts/window2.js, line 108: unreachable code after return statement
JavaScript warning: https://portal.e-fornecedores.ind.br/ClientScripts/window2.js, line 108: unreachable code after return statement
JavaScript warning: https://portal.e-fornecedores.ind.br/ClientScripts/window2.js, line 108: unreachable code after return statement
JavaScript warning: https://portal.e-fornecedores.ind.br/ClientScripts/window2.js, line 108: unreachable code after return statement
JavaScript warning: https://portal.e-fornecedores.ind.br/ClientScripts/window2.js, line 108: unreachable code after return statement
JavaScript warning: https://portal.e-fornecedores.ind.br/ClientScripts/window2.js, line 108: unreachable code after return statement
JavaScript warning: https://portal.e-fornecedores.ind.br/ClientScripts/window2.js, line 108: unreachable code after return statement
JavaScript warning: https://portal.e-fornecedores.ind.br/ClientScripts/window2.js, line 108: unreachable code after return statement
JavaScript warning: https://portal.e-fornecedores.ind.br/ClientScripts/window2.js, line 108: unreachable code after return statement
JavaScript warning: https://portal.e-fornecedores.ind.br/ClientScripts/window2.js, line 108: unreachable code after return statement
JavaScript warning: https://portal.e-fornecedores.ind.br/ClientScripts/window2.js, line 108: unreachable code after return statement
